2025-08-18 22:44:03,084 - ERROR - 获取可转债数据异常: Expecting value: line 1 column 1 (char 0)
2025-08-18 22:49:22,028 - ERROR - 获取可转债数据异常: Expecting value: line 1 column 1 (char 0)
2025-08-18 22:49:22,650 - INFO - webhook消息发送成功
2025-08-18 22:56:33,968 - INFO - 正在使用 akshare 获取可转债数据...
2025-08-18 22:56:34,620 - INFO - akshare 返回的列名: ['price_dt', 'price', 'amount', 'volume', 'count', 'increase_val', 'increase_rt', 'avg_price', 'mid_price', 'mid_convert_value', 'avg_dblow', 'avg_premium_rt', 'mid_premium_rt', 'avg_ytm_rt', 'temperature', 'turnover_rt', 'price_90', 'price_90_100', 'price_100_110', 'price_110_120', 'price_120_130', 'price_130', 'increase_rt_90', 'increase_rt_90_100', 'increase_rt_100_110', 'increase_rt_110_120', 'increase_rt_120_130', 'increase_rt_130', 'idx_price', 'idx_increase_rt']
2025-08-18 22:56:34,670 - INFO - 成功获取 250 只可转债数据
2025-08-18 22:56:35,049 - INFO - webhook消息发送成功
2025-08-18 23:16:15,738 - INFO - 执行首次检查...
2025-08-18 23:16:15,739 - INFO - 开始检查可转债数据...
2025-08-18 23:16:15,739 - INFO - 正在使用 akshare 获取可转债数据...
2025-08-18 23:16:16,244 - INFO - akshare 返回的列名: ['price_dt', 'price', 'amount', 'volume', 'count', 'increase_val', 'increase_rt', 'avg_price', 'mid_price', 'mid_convert_value', 'avg_dblow', 'avg_premium_rt', 'mid_premium_rt', 'avg_ytm_rt', 'temperature', 'turnover_rt', 'price_90', 'price_90_100', 'price_100_110', 'price_110_120', 'price_120_130', 'price_130', 'increase_rt_90', 'increase_rt_90_100', 'increase_rt_100_110', 'increase_rt_110_120', 'increase_rt_120_130', 'increase_rt_130', 'idx_price', 'idx_increase_rt']
2025-08-18 23:16:16,293 - INFO - 成功获取 250 只可转债数据
2025-08-18 23:16:16,293 - INFO - 发现 0 只低价可转债
2025-08-18 23:16:16,621 - INFO - webhook消息发送成功
2025-08-18 23:16:16,624 - INFO - 飞书通知发送成功
2025-08-18 23:16:16,625 - INFO - 定时任务已设置，每个工作日早上9:30执行
2025-08-18 23:16:16,625 - INFO - 按 Ctrl+C 退出程序
2025-08-18 23:16:34,483 - INFO - 程序已退出
2025-08-19 00:23:10,916 - INFO - 执行首次检查...
2025-08-19 00:23:10,917 - INFO - 开始检查可转债数据...
2025-08-19 00:23:10,917 - INFO - 正在使用 akshare 获取可转债数据...
2025-08-19 00:23:13,641 - ERROR - 获取可转债数据异常: Length mismatch: Expected axis has 72 elements, new values have 71 elements
2025-08-19 00:23:13,646 - WARNING - 未获取到可转债数据
2025-08-19 00:23:13,649 - INFO - 定时任务已设置，每个工作日早上9:30执行
2025-08-19 00:23:13,649 - INFO - 按 Ctrl+C 退出程序
2025-08-19 00:25:04,714 - INFO - 程序已退出
2025-08-19 00:27:16,381 - INFO - 执行首次检查...
2025-08-19 00:27:16,381 - INFO - 开始检查可转债数据...
2025-08-19 00:27:16,381 - INFO - 正在使用 akshare 获取可转债数据...
2025-08-19 00:27:19,561 - ERROR - 获取可转债数据异常: Length mismatch: Expected axis has 72 elements, new values have 71 elements
2025-08-19 00:27:19,567 - WARNING - 未获取到可转债数据
2025-08-19 00:27:19,570 - INFO - 定时任务已设置，每个工作日早上9:30执行
2025-08-19 00:27:19,570 - INFO - 按 Ctrl+C 退出程序
2025-08-19 00:27:23,229 - INFO - 程序已退出
2025-08-19 00:42:23,486 - INFO - 执行首次检查...
2025-08-19 00:42:23,486 - INFO - 开始检查可转债数据...
2025-08-19 00:42:23,486 - INFO - 正在使用 akshare 获取可转债数据...
2025-08-19 00:42:26,245 - INFO - akshare 返回的列名: ['债券代码', '债券简称', '申购日期', '申购代码', '申购上限', '正股代码', '正股简称', '正股价', '转股价', '转股价值', '债现价', '转股溢价率', '原股东配售-股权登记日', '原股东配售-每股配售额', '发行规模', '中签号发布日', '中签率', '上市时间', '信用评级']
2025-08-19 00:42:26,245 - INFO - akshare 返回的列名数量: 19
2025-08-19 00:42:26,524 - INFO - 成功获取 981 只可转债数据
2025-08-19 00:42:26,527 - INFO - 发现 545 只低价可转债
2025-08-19 00:42:26,731 - ERROR - webhook消息发送失败: {'code': 19036, 'data': {}, 'msg': 'The message exceeds the size limit of 30KB'}
2025-08-19 00:42:26,733 - ERROR - 飞书通知发送失败
2025-08-19 00:42:26,735 - INFO - 定时任务已设置，每个工作日早上9:30执行
2025-08-19 00:42:26,735 - INFO - 按 Ctrl+C 退出程序
2025-08-19 00:45:15,681 - INFO - 程序已退出
2025-08-19 00:57:34,130 - INFO - 执行首次检查...
2025-08-19 00:57:34,130 - INFO - 开始检查可转债数据...
2025-08-19 00:57:34,130 - INFO - 正在使用 akshare 获取可转债数据...
2025-08-19 00:57:37,006 - INFO - akshare 返回的列名: ['债券代码', '债券简称', '申购日期', '申购代码', '申购上限', '正股代码', '正股简称', '正股价', '转股价', '转股价值', '债现价', '转股溢价率', '原股东配售-股权登记日', '原股东配售-每股配售额', '发行规模', '中签号发布日', '中签率', '上市时间', '信用评级']
2025-08-19 00:57:37,115 - INFO - 成功获取 981 只可转债数据
2025-08-19 00:57:37,117 - INFO - 发现 511 只低价可转债
2025-08-19 00:57:38,852 - INFO - webhook消息发送成功
2025-08-19 00:57:38,856 - INFO - 飞书通知发送成功
2025-08-19 00:57:38,858 - INFO - 定时任务已设置，每个工作日早上9:30执行
2025-08-19 00:57:38,858 - INFO - 按 Ctrl+C 退出程序
2025-08-19 00:59:36,661 - INFO - 程序已退出
2025-08-19 00:59:39,688 - INFO - 执行首次检查...
2025-08-19 00:59:39,688 - INFO - 开始检查可转债数据...
2025-08-19 00:59:39,688 - INFO - 正在使用 akshare 获取可转债数据...
2025-08-19 00:59:42,094 - INFO - akshare 返回的列名: ['债券代码', '债券简称', '申购日期', '申购代码', '申购上限', '正股代码', '正股简称', '正股价', '转股价', '转股价值', '债现价', '转股溢价率', '原股东配售-股权登记日', '原股东配售-每股配售额', '发行规模', '中签号发布日', '中签率', '上市时间', '信用评级']
2025-08-19 00:59:42,261 - INFO - 成功获取 981 只可转债数据
2025-08-19 00:59:42,263 - INFO - 发现 511 只低价可转债
2025-08-19 00:59:44,257 - INFO - webhook消息发送成功
2025-08-19 00:59:44,261 - INFO - 飞书通知发送成功
2025-08-19 00:59:44,263 - INFO - 定时任务已设置，每个工作日早上9:30执行
2025-08-19 00:59:44,263 - INFO - 按 Ctrl+C 退出程序
2025-08-19 00:59:44,656 - INFO - 程序已退出
2025-08-19 01:00:25,147 - INFO - 执行首次检查...
2025-08-19 01:00:25,148 - INFO - 开始检查可转债数据...
2025-08-19 01:00:25,148 - INFO - 正在使用 akshare 获取可转债数据...
2025-08-19 01:00:33,575 - INFO - akshare 返回的列名: ['债券代码', '债券简称', '申购日期', '申购代码', '申购上限', '正股代码', '正股简称', '正股价', '转股价', '转股价值', '债现价', '转股溢价率', '原股东配售-股权登记日', '原股东配售-每股配售额', '发行规模', '中签号发布日', '中签率', '上市时间', '信用评级']
2025-08-19 01:00:33,700 - INFO - 成功获取 981 只可转债数据
2025-08-19 01:00:33,767 - INFO - 发现 511 只低价可转债
2025-08-19 01:00:35,591 - INFO - webhook消息发送成功
2025-08-19 01:00:35,594 - INFO - 飞书通知发送成功
2025-08-19 01:00:35,598 - INFO - 定时任务已设置，每个工作日早上9:30执行
2025-08-19 01:00:35,598 - INFO - 按 Ctrl+C 退出程序
2025-08-19 01:08:55,031 - INFO - 程序已退出
2025-08-19 01:08:57,824 - INFO - 执行首次检查...
2025-08-19 01:08:57,824 - INFO - 开始检查可转债数据...
2025-08-19 01:08:57,824 - INFO - 正在使用 akshare 获取可转债数据...
2025-08-19 01:09:07,193 - INFO - akshare 返回的列名: ['债券代码', '债券简称', '申购日期', '申购代码', '申购上限', '正股代码', '正股简称', '正股价', '转股价', '转股价值', '债现价', '转股溢价率', '原股东配售-股权登记日', '原股东配售-每股配售额', '发行规模', '中签号发布日', '中签率', '上市时间', '信用评级']
2025-08-19 01:09:07,334 - INFO - 成功获取 981 只可转债数据
2025-08-19 01:09:07,358 - INFO - 发现 511 只低价可转债
2025-08-19 01:09:09,085 - INFO - webhook消息发送成功
2025-08-19 01:09:09,090 - INFO - 飞书通知发送成功
2025-08-19 01:09:09,094 - INFO - 定时任务已设置，每个工作日早上9:30执行
2025-08-19 01:09:09,094 - INFO - 按 Ctrl+C 退出程序
2025-08-19 01:09:59,512 - INFO - 程序已退出
2025-08-19 01:10:03,380 - INFO - 执行首次检查...
2025-08-19 01:10:03,380 - INFO - 开始检查可转债数据...
2025-08-19 01:10:03,386 - INFO - 正在使用 akshare 获取可转债数据...
2025-08-19 01:10:05,816 - INFO - akshare 返回的列名: ['债券代码', '债券简称', '申购日期', '申购代码', '申购上限', '正股代码', '正股简称', '正股价', '转股价', '转股价值', '债现价', '转股溢价率', '原股东配售-股权登记日', '原股东配售-每股配售额', '发行规模', '中签号发布日', '中签率', '上市时间', '信用评级']
2025-08-19 01:10:05,998 - INFO - 成功获取 981 只可转债数据
2025-08-19 01:10:06,020 - INFO - 发现 511 只低价可转债
2025-08-19 01:10:07,915 - INFO - webhook消息发送成功
2025-08-19 01:10:07,918 - INFO - 飞书通知发送成功
2025-08-19 01:10:07,919 - INFO - 定时任务已设置，每个工作日早上9:30执行
2025-08-19 01:10:07,920 - INFO - 按 Ctrl+C 退出程序
2025-08-19 01:10:16,218 - INFO - 程序已退出
2025-08-19 01:10:25,394 - INFO - 执行首次检查...
2025-08-19 01:10:25,394 - INFO - 开始检查可转债数据...
2025-08-19 01:10:25,395 - INFO - 正在使用 akshare 获取可转债数据...
2025-08-19 01:10:27,605 - INFO - akshare 返回的列名: ['债券代码', '债券简称', '申购日期', '申购代码', '申购上限', '正股代码', '正股简称', '正股价', '转股价', '转股价值', '债现价', '转股溢价率', '原股东配售-股权登记日', '原股东配售-每股配售额', '发行规模', '中签号发布日', '中签率', '上市时间', '信用评级']
2025-08-19 01:10:27,730 - INFO - 成功获取 981 只可转债数据
2025-08-19 01:10:27,734 - INFO - 发现 21 只低价可转债
2025-08-19 01:10:28,171 - INFO - webhook消息发送成功
2025-08-19 01:10:28,175 - INFO - 飞书通知发送成功
2025-08-19 01:10:28,180 - INFO - 定时任务已设置，每个工作日早上9:30执行
2025-08-19 01:10:28,180 - INFO - 按 Ctrl+C 退出程序
2025-08-19 01:13:06,122 - INFO - 程序已退出
2025-08-19 01:13:09,069 - INFO - 执行首次检查...
2025-08-19 01:13:09,070 - INFO - 开始检查可转债数据...
2025-08-19 01:13:09,070 - INFO - 正在使用 akshare 获取可转债数据...
2025-08-19 01:13:11,479 - INFO - akshare 返回的列名: ['债券代码', '债券简称', '申购日期', '申购代码', '申购上限', '正股代码', '正股简称', '正股价', '转股价', '转股价值', '债现价', '转股溢价率', '原股东配售-股权登记日', '原股东配售-每股配售额', '发行规模', '中签号发布日', '中签率', '上市时间', '信用评级']
2025-08-19 01:13:11,612 - INFO - 成功获取 981 只可转债数据
2025-08-19 01:13:11,616 - INFO - 发现 18 只低价可转债
2025-08-19 01:13:11,959 - INFO - webhook消息发送成功
2025-08-19 01:13:11,963 - INFO - 飞书通知发送成功
2025-08-19 01:13:11,964 - INFO - 定时任务已设置，每个工作日早上9:30执行
2025-08-19 01:13:11,964 - INFO - 按 Ctrl+C 退出程序
2025-08-19 01:14:10,139 - INFO - 程序已退出
2025-08-19 01:14:16,841 - INFO - 执行首次检查...
2025-08-19 01:14:16,841 - INFO - 开始检查可转债数据...
2025-08-19 01:14:16,841 - INFO - 正在使用 akshare 获取可转债数据...
2025-08-19 01:14:20,958 - INFO - akshare 返回的列名: ['债券代码', '债券简称', '申购日期', '申购代码', '申购上限', '正股代码', '正股简称', '正股价', '转股价', '转股价值', '债现价', '转股溢价率', '原股东配售-股权登记日', '原股东配售-每股配售额', '发行规模', '中签号发布日', '中签率', '上市时间', '信用评级']
2025-08-19 01:14:21,128 - INFO - 成功获取 981 只可转债数据
2025-08-19 01:14:21,136 - INFO - 发现 21 只低价可转债
2025-08-19 01:14:21,552 - INFO - webhook消息发送成功
2025-08-19 01:14:21,555 - INFO - 飞书通知发送成功
2025-08-19 01:14:21,556 - INFO - 定时任务已设置，每个工作日早上9:30执行
2025-08-19 01:14:21,556 - INFO - 按 Ctrl+C 退出程序
2025-08-19 01:15:43,192 - INFO - 程序已退出
2025-08-19 01:20:32,270 - INFO - 执行首次检查...
2025-08-19 01:20:32,270 - INFO - 开始检查可转债数据...
2025-08-19 01:20:32,270 - INFO - 正在使用 akshare 获取可转债数据...
2025-08-19 01:20:40,135 - INFO - akshare 返回的列名: ['债券代码', '债券简称', '申购日期', '申购代码', '申购上限', '正股代码', '正股简称', '正股价', '转股价', '转股价值', '债现价', '转股溢价率', '原股东配售-股权登记日', '原股东配售-每股配售额', '发行规模', '中签号发布日', '中签率', '上市时间', '信用评级']
2025-08-19 01:20:40,285 - INFO - 成功获取 981 只可转债数据
2025-08-19 01:20:40,287 - INFO - 发现 7 只低价可转债
2025-08-19 01:20:40,617 - INFO - webhook消息发送成功
2025-08-19 01:20:40,621 - INFO - 飞书通知发送成功
2025-08-19 01:20:40,624 - INFO - 定时任务已设置，每个工作日早上9:30执行
2025-08-19 01:20:40,624 - INFO - 按 Ctrl+C 退出程序
2025-08-19 01:21:07,669 - INFO - 程序已退出
2025-08-19 01:21:11,226 - INFO - 执行首次检查...
2025-08-19 01:21:11,226 - INFO - 开始检查可转债数据...
2025-08-19 01:21:11,226 - INFO - 正在使用 akshare 获取可转债数据...
2025-08-19 01:21:16,614 - INFO - akshare 返回的列名: ['债券代码', '债券简称', '申购日期', '申购代码', '申购上限', '正股代码', '正股简称', '正股价', '转股价', '转股价值', '债现价', '转股溢价率', '原股东配售-股权登记日', '原股东配售-每股配售额', '发行规模', '中签号发布日', '中签率', '上市时间', '信用评级']
2025-08-19 01:21:16,882 - INFO - 成功获取 981 只可转债数据
2025-08-19 01:21:16,884 - INFO - 发现 11 只低价可转债
2025-08-19 01:21:17,283 - INFO - webhook消息发送成功
2025-08-19 01:21:17,286 - INFO - 飞书通知发送成功
2025-08-19 01:21:17,292 - INFO - 定时任务已设置，每个工作日早上9:30执行
2025-08-19 01:21:17,292 - INFO - 按 Ctrl+C 退出程序
2025-08-19 01:23:29,605 - INFO - 程序已退出
